[calibrate] odometry translation scale k = 1.0000
[reconstruct] 6000000 points from 858 frames
[floor] bottom-envelope fit: n=[-0.002  1.     0.001] d=1.53 y_cut=-1.50 inliers=51055 rms=11.6mm (global-fit rms = drift warp evidence)
[surfaces] 6 raised horizontal surfaces:
   +0.99 m above floor, inliers=190273
   +0.83 m above floor, inliers=193776
   +0.98 m above floor, inliers=153662
   +1.32 m above floor, inliers=162633
   +1.11 m above floor, inliers=150897
   +0.60 m above floor, inliers=154636
[floor] camera height above floor = 1.46 m +- 0.09
[ceiling] ceiling not observable: no points above 2.0 m; capture is floor-focused (top of visible content 1.70 m)
[walls] 0 near-vertical planes (rms = drift warp evidence):
[walls] method=convex_hull_fallback walls=17 corners=31
[damage:floor] cracks=0 stains=250 flags=3 coverage=0.0196
[damage:surface+0.99m] cracks=0 stains=66 flags=5 coverage=0.0193
[damage:surface+0.83m] cracks=0 stains=84 flags=6 coverage=0.0257
[damage:surface+0.98m] cracks=0 stains=70 flags=4 coverage=0.0194
[out] /home/anmol/Downloads/single_room/c00a170fe1/plan_output/plan.json (542.5s)
{
  "camera_height_m": 1.461,
  "ceiling_height_m": null,
  "floor_area_m2": 1.31
}
