[calibrate] odometry translation scale k = 1.0000
[reconstruct] 6000000 points from 858 frames
[floor] bottom-envelope fit: n=[-0.024  1.     0.017] d=1.49 y_cut=-1.50 inliers=48833 rms=11.5mm (global-fit rms = drift warp evidence)
[surfaces] 6 raised horizontal surfaces:
   +0.90 m above floor, inliers=190021
   +0.79 m above floor, inliers=171795
   +1.18 m above floor, inliers=160858
   +1.16 m above floor, inliers=160035
   +0.62 m above floor, inliers=155136
   +1.28 m above floor, inliers=153492
[floor] camera height above floor = 1.47 m +- 0.10
[ceiling] height = 2.00 m (spread 46 mm)
[walls] 0 near-vertical planes (rms = drift warp evidence):
[walls] method=convex_hull_fallback walls=16 corners=23
[damage:floor] cracks=3 stains=34 flags=1 coverage=0.0117
[damage:surface+0.90m] cracks=2 stains=101 flags=8 coverage=0.0283
[damage:surface+0.79m] cracks=1 stains=79 flags=8 coverage=0.0261
[damage:surface+1.18m] cracks=0 stains=55 flags=6 coverage=0.0194
[out] /home/anmol/Downloads/single_room/c00a170fe1/plan_output/plan.json (546.6s)
{
  "camera_height_m": 1.469,
  "ceiling_height_m": 2.0,
  "floor_area_m2": 173.71
}
EXIT=0

[exited with code 0]
